Archive member included to satisfy reference by file (symbol)

c:/st/stm32cubeide_1.7.0/stm32cubeide/plugins/com.st.stm32cube.ide.mcu.externaltools.gnu-tools-for-stm32.9-2020-q2-update.win32_2.0.0.202105311346/tools/bin/../lib/gcc/arm-none-eabi/9.3.1/../../../../arm-none-eabi/lib/thumb/v7-m/nofp\libc_nano.a(lib_a-errno.o)
                              ./Core/Src/syscalls.o (__errno)
c:/st/stm32cubeide_1.7.0/stm32cubeide/plugins/com.st.stm32cube.ide.mcu.externaltools.gnu-tools-for-stm32.9-2020-q2-update.win32_2.0.0.202105311346/tools/bin/../lib/gcc/arm-none-eabi/9.3.1/../../../../arm-none-eabi/lib/thumb/v7-m/nofp\libc_nano.a(lib_a-exit.o)
                              c:/st/stm32cubeide_1.7.0/stm32cubeide/plugins/com.st.stm32cube.ide.mcu.externaltools.gnu-tools-for-stm32.9-2020-q2-update.win32_2.0.0.202105311346/tools/bin/../lib/gcc/arm-none-eabi/9.3.1/../../../../arm-none-eabi/lib/thumb/v7-m/nofp/crt0.o (exit)
c:/st/stm32cubeide_1.7.0/stm32cubeide/plugins/com.st.stm32cube.ide.mcu.externaltools.gnu-tools-for-stm32.9-2020-q2-update.win32_2.0.0.202105311346/tools/bin/../lib/gcc/arm-none-eabi/9.3.1/../../../../arm-none-eabi/lib/thumb/v7-m/nofp\libc_nano.a(lib_a-impure.o)
                              c:/st/stm32cubeide_1.7.0/stm32cubeide/plugins/com.st.stm32cube.ide.mcu.externaltools.gnu-tools-for-stm32.9-2020-q2-update.win32_2.0.0.202105311346/tools/bin/../lib/gcc/arm-none-eabi/9.3.1/../../../../arm-none-eabi/lib/thumb/v7-m/nofp\libc_nano.a(lib_a-exit.o) (_global_impure_ptr)
c:/st/stm32cubeide_1.7.0/stm32cubeide/plugins/com.st.stm32cube.ide.mcu.externaltools.gnu-tools-for-stm32.9-2020-q2-update.win32_2.0.0.202105311346/tools/bin/../lib/gcc/arm-none-eabi/9.3.1/../../../../arm-none-eabi/lib/thumb/v7-m/nofp\libc_nano.a(lib_a-init.o)
                              c:/st/stm32cubeide_1.7.0/stm32cubeide/plugins/com.st.stm32cube.ide.mcu.externaltools.gnu-tools-for-stm32.9-2020-q2-update.win32_2.0.0.202105311346/tools/bin/../lib/gcc/arm-none-eabi/9.3.1/../../../../arm-none-eabi/lib/thumb/v7-m/nofp/crt0.o (__libc_init_array)
c:/st/stm32cubeide_1.7.0/stm32cubeide/plugins/com.st.stm32cube.ide.mcu.externaltools.gnu-tools-for-stm32.9-2020-q2-update.win32_2.0.0.202105311346/tools/bin/../lib/gcc/arm-none-eabi/9.3.1/../../../../arm-none-eabi/lib/thumb/v7-m/nofp\libc_nano.a(lib_a-malloc.o)
                              ./Core/Src/input_reading.o (malloc)
c:/st/stm32cubeide_1.7.0/stm32cubeide/plugins/com.st.stm32cube.ide.mcu.externaltools.gnu-tools-for-stm32.9-2020-q2-update.win32_2.0.0.202105311346/tools/bin/../lib/gcc/arm-none-eabi/9.3.1/../../../../arm-none-eabi/lib/thumb/v7-m/nofp\libc_nano.a(lib_a-memset.o)
                              c:/st/stm32cubeide_1.7.0/stm32cubeide/plugins/com.st.stm32cube.ide.mcu.externaltools.gnu-tools-for-stm32.9-2020-q2-update.win32_2.0.0.202105311346/tools/bin/../lib/gcc/arm-none-eabi/9.3.1/../../../../arm-none-eabi/lib/thumb/v7-m/nofp/crt0.o (memset)
c:/st/stm32cubeide_1.7.0/stm32cubeide/plugins/com.st.stm32cube.ide.mcu.externaltools.gnu-tools-for-stm32.9-2020-q2-update.win32_2.0.0.202105311346/tools/bin/../lib/gcc/arm-none-eabi/9.3.1/../../../../arm-none-eabi/lib/thumb/v7-m/nofp\libc_nano.a(lib_a-nano-freer.o)
                              c:/st/stm32cubeide_1.7.0/stm32cubeide/plugins/com.st.stm32cube.ide.mcu.externaltools.gnu-tools-for-stm32.9-2020-q2-update.win32_2.0.0.202105311346/tools/bin/../lib/gcc/arm-none-eabi/9.3.1/../../../../arm-none-eabi/lib/thumb/v7-m/nofp\libc_nano.a(lib_a-malloc.o) (_free_r)
c:/st/stm32cubeide_1.7.0/stm32cubeide/plugins/com.st.stm32cube.ide.mcu.externaltools.gnu-tools-for-stm32.9-2020-q2-update.win32_2.0.0.202105311346/tools/bin/../lib/gcc/arm-none-eabi/9.3.1/../../../../arm-none-eabi/lib/thumb/v7-m/nofp\libc_nano.a(lib_a-nano-mallocr.o)
                              c:/st/stm32cubeide_1.7.0/stm32cubeide/plugins/com.st.stm32cube.ide.mcu.externaltools.gnu-tools-for-stm32.9-2020-q2-update.win32_2.0.0.202105311346/tools/bin/../lib/gcc/arm-none-eabi/9.3.1/../../../../arm-none-eabi/lib/thumb/v7-m/nofp\libc_nano.a(lib_a-malloc.o) (_malloc_r)
c:/st/stm32cubeide_1.7.0/stm32cubeide/plugins/com.st.stm32cube.ide.mcu.externaltools.gnu-tools-for-stm32.9-2020-q2-update.win32_2.0.0.202105311346/tools/bin/../lib/gcc/arm-none-eabi/9.3.1/../../../../arm-none-eabi/lib/thumb/v7-m/nofp\libc_nano.a(lib_a-sbrkr.o)
                              c:/st/stm32cubeide_1.7.0/stm32cubeide/plugins/com.st.stm32cube.ide.mcu.externaltools.gnu-tools-for-stm32.9-2020-q2-update.win32_2.0.0.202105311346/tools/bin/../lib/gcc/arm-none-eabi/9.3.1/../../../../arm-none-eabi/lib/thumb/v7-m/nofp\libc_nano.a(lib_a-nano-mallocr.o) (_sbrk_r)
c:/st/stm32cubeide_1.7.0/stm32cubeide/plugins/com.st.stm32cube.ide.mcu.externaltools.gnu-tools-for-stm32.9-2020-q2-update.win32_2.0.0.202105311346/tools/bin/../lib/gcc/arm-none-eabi/9.3.1/../../../../arm-none-eabi/lib/thumb/v7-m/nofp\libc_nano.a(lib_a-mlock.o)
[...]
Memory Configuration

Name             Origin             Length             Attributes
RAM              0x0000000020000000 0x0000000000002800 xrw
FLASH            0x0000000008000000 0x0000000000008000 xr
*default*        0x0000000000000000 0xffffffffffffffff

Linker script and memory map

LOAD c:/st/stm32cubeide_1.7.0/stm32cubeide/plugins/com.st.stm32cube.ide.mcu.externaltools.gnu-tools-for-stm32.9-2020-q2-update.win32_2.0.0.202105311346/tools/bin/../lib/gcc/arm-none-eabi/9.3.1/thumb/v7-m/nofp/crti.o
LOAD c:/st/stm32cubeide_1.7.0/stm32cubeide/plugins/com.st.stm32cube.ide.mcu.externaltools.gnu-tools-for-stm32.9-2020-q2-update.win32_2.0.0.202105311346/tools/bin/../lib/gcc/arm-none-eabi/9.3.1/thumb/v7-m/nofp/crtbegin.o
LOAD c:/st/stm32cubeide_1.7.0/stm32cubeide/plugins/com.st.stm32cube.ide.mcu.externaltools.gnu-tools-for-stm32.9-2020-q2-update.win32_2.0.0.202105311346/tools/bin/../lib/gcc/arm-none-eabi/9.3.1/../../../../arm-none-eabi/lib/thumb/v7-m/nofp/crt0.o
LOAD ./Core/Src/7seg-led.o
LOAD ./Core/Src/fsm.o
LOAD ./Core/Src/input_processing.o
LOAD ./Core/Src/input_reading.o
LOAD ./Core/Src/main.o
LOAD ./Core/Src/stm32f1xx_hal_msp.o
LOAD ./Core/Src/stm32f1xx_it.o
LOAD ./Core/Src/syscalls.o
LOAD ./Core/Src/sysmem.o
LOAD ./Core/Src/system_stm32f1xx.o
LOAD ./Core/Src/timer.o
LOAD ./Core/Startup/startup_stm32f103c6ux.o
LOAD ./Drivers/STM32F1xx_HAL_Driver/Src/stm32f1xx_hal.o
LOAD ./Drivers/STM32F1xx_HAL_Driver/Src/stm32f1xx_hal_cortex.o
LOAD ./Drivers/STM32F1xx_HAL_Driver/Src/stm32f1xx_hal_dma.o
LOAD ./Drivers/STM32F1xx_HAL_Driver/Src/stm32f1xx_hal_exti.o
LOAD ./Drivers/STM32F1xx_HAL_Driver/Src/stm32f1xx_hal_flash.o
LOAD ./Drivers/STM32F1xx_HAL_Driver/Src/stm32f1xx_hal_flash_ex.o
LOAD ./Drivers/STM32F1xx_HAL_Driver/Src/stm32f1xx_hal_gpio.o
LOAD ./Drivers/STM32F1xx_HAL_Driver/Src/stm32f1xx_hal_gpio_ex.o
LOAD ./Drivers/STM32F1xx_HAL_Driver/Src/stm32f1xx_hal_pwr.o
LOAD ./Drivers/STM32F1xx_HAL_Driver/Src/stm32f1xx_hal_rcc.o
LOAD ./Drivers/STM32F1xx_HAL_Driver/Src/stm32f1xx_hal_rcc_ex.o
LOAD ./Drivers/STM32F1xx_HAL_Driver/Src/stm32f1xx_hal_tim.o
LOAD ./Drivers/STM32F1xx_HAL_Driver/Src/stm32f1xx_hal_tim_ex.o
START GROUP
LOAD c:/st/stm32cubeide_1.7.0/stm32cubeide/plugins/com.st.stm32cube.ide.mcu.externaltools.gnu-tools-for-stm32.9-2020-q2-update.win32_2.0.0.202105311346/tools/bin/../lib/gcc/arm-none-eabi/9.3.1/../../../../arm-none-eabi/lib/thumb/v7-m/nofp\libc_nano.a
LOAD c:/st/stm32cubeide_1.7.0/stm32cubeide/plugins/com.st.stm32cube.ide.mcu.externaltools.gnu-tools-for-stm32.9-2020-q2-update.win32_2.0.0.202105311346/tools/bin/../lib/gcc/arm-none-eabi/9.3.1/../../../../arm-none-eabi/lib/thumb/v7-m/nofp\libm.a
END GROUP
START GROUP
LOAD c:/st/stm32cubeide_1.7.0/stm32cubeide/plugins/com.st.stm32cube.ide.mcu.externaltools.gnu-tools-for-stm32.9-2020-q2-update.win32_2.0.0.202105311346/tools/bin/../lib/gcc/arm-none-eabi/9.3.1/thumb/v7-m/nofp\libgcc.a
LOAD c:/st/stm32cubeide_1.7.0/stm32cubeide/plugins/com.st.stm32cube.ide.mcu.externaltools.gnu-tools-for-stm32.9-2020-q2-update.win32_2.0.0.202105311346/tools/bin/../lib/gcc/arm-none-eabi/9.3.1/../../../../arm-none-eabi/lib/thumb/v7-m/nofp\libc_nano.a
END GROUP
START GROUP
LOAD c:/st/stm32cubeide_1.7.0/stm32cubeide/plugins/com.st.stm32cube.ide.mcu.externaltools.gnu-tools-for-stm32.9-2020-q2-update.win32_2.0.0.202105311346/tools/bin/../lib/gcc/arm-none-eabi/9.3.1/thumb/v7-m/nofp\libgcc.a
LOAD c:/st/stm32cubeide_1.7.0/stm32cubeide/plugins/com.st.stm32cube.ide.mcu.externaltools.gnu-tools-for-stm32.9-2020-q2-update.win32_2.0.0.202105311346/tools/bin/../lib/gcc/arm-none-eabi/9.3.1/../../../../arm-none-eabi/lib/thumb/v7-m/nofp\libc_nano.a
LOAD c:/st/stm32cubeide_1.7.0/stm32cubeide/plugins/com.st.stm32cube.ide.mcu.externaltools.gnu-tools-for-stm32.9-2020-q2-update.win32_2.0.0.202105311346/tools/bin/../lib/gcc/arm-none-eabi/9.3.1/../../../../arm-none-eabi/lib/thumb/v7-m/nofp\libnosys.a
END GROUP
START GROUP
LOAD c:/st/stm32cubeide_1.7.0/stm32cubeide/plugins/com.st.stm32cube.ide.mcu.externaltools.gnu-tools-for-stm32.9-2020-q2-update.win32_2.0.0.202105311346/tools/bin/../lib/gcc/arm-none-eabi/9.3.1/thumb/v7-m/nofp\libgcc.a
LOAD c:/st/stm32cubeide_1.7.0/stm32cubeide/plugins/com.st.stm32cube.ide.mcu.externaltools.gnu-tools-for-stm32.9-2020-q2-update.win32_2.0.0.202105311346/tools/bin/../lib/gcc/arm-none-eabi/9.3.1/../../../../arm-none-eabi/lib/thumb/v7-m/nofp\libc_nano.a
LOAD c:/st/stm32cubeide_1.7.0/stm32cubeide/plugins/com.st.stm32cube.ide.mcu.externaltools.gnu-tools-for-stm32.9-2020-q2-update.win32_2.0.0.202105311346/tools/bin/../lib/gcc/arm-none-eabi/9.3.1/../../../../arm-none-eabi/lib/thumb/v7-m/nofp\libnosys.a
END GROUP
LOAD c:/st/stm32cubeide_1.7.0/stm32cubeide/plugins/com.st.stm32cube.ide.mcu.externaltools.gnu-tools-for-stm32.9-2020-q2-update.win32_2.0.0.202105311346/tools/bin/../lib/gcc/arm-none-eabi/9.3.1/thumb/v7-m/nofp/crtend.o
LOAD c:/st/stm32cubeide_1.7.0/stm32cubeide/plugins/com.st.stm32cube.ide.mcu.externaltools.gnu-tools-for-stm32.9-2020-q2-update.win32_2.0.0.202105311346/tools/bin/../lib/gcc/arm-none-eabi/9.3.1/thumb/v7-m/nofp/crtn.o
                0x0000000020002800                _estack = (ORIGIN (RAM) + LENGTH (RAM))
                0x0000000000000200                _Min_Heap_Size = 0x200
                0x0000000000000400                _Min_Stack_Size = 0x400

.isr_vector     0x0000000008000000      0x10c
                0x0000000008000000                . = ALIGN (0x4)
 *(.isr_vector)
 .isr_vector    0x0000000008000000      0x10c ./Core/Startup/startup_stm32f103c6ux.o
                0x0000000008000000                g_pfnVectors
                0x000000000800010c                . = ALIGN (0x4)

.text           0x000000000800010c     0x268c
                0x000000000800010c                . = ALIGN (0x4)
 *(.text)
 .text          0x000000000800010c       0x40 c:/st/stm32cubeide_1.7.0/stm32cubeide/plugins/com.st.stm32cube.ide.mcu.externaltools.gnu-tools-for-stm32.9-2020-q2-update.win32_2.0.0.202105311346/tools/bin/../lib/gcc/arm-none-eabi/9.3.1/thumb/v7-m/nofp/crtbegin.o
 *(.text*)
 .text.init_led7
                0x000000000800014c       0x80 ./Core/Src/7seg-led.o
                0x000000000800014c                init_led7
 .text.display_7SEG
                0x00000000080001cc       0x80 ./Core/Src/7seg-led.o
                0x00000000080001cc                display_7SEG
 .text.init_fsm_input_processing
                0x000000000800024c       0x48 ./Core/Src/input_processing.o
                0x000000000800024c                init_fsm_input_processing
 .text.led_processing
                0x0000000008000294       0x24 ./Core/Src/input_processing.o
                0x0000000008000294                led_processing
 .text.blinking
                0x00000000080002b8       0x28 ./Core/Src/input_processing.o
                0x00000000080002b8                blinking
 .text.fsm_for_pressed_pressed3s
                0x00000000080002e0       0xc8 ./Core/Src/input_processing.o
                0x00000000080002e0                fsm_for_pressed_pressed3s
 .text.main_fsm
                0x00000000080003a8      0x2e8 ./Core/Src/input_processing.o
                0x00000000080003a8                main_fsm
 .text.init_button_reading
                0x0000000008000690       0x88 ./Core/Src/input_reading.o
                0x0000000008000690                init_button_reading
 .text.button_reading
                0x0000000008000718       0x94 ./Core/Src/input_reading.o
                0x0000000008000718                button_reading
 .text.is_button_pressed
                0x00000000080007ac       0x38 ./Core/Src/input_reading.o
                0x00000000080007ac                is_button_pressed
 .text.main     0x00000000080007e4       0x38 ./Core/Src/main.o
                0x00000000080007e4                main
 .text.SystemClock_Config
                0x000000000800081c       0x76 ./Core/Src/main.o
                0x000000000800081c                SystemClock_Config
 *fill*         0x0000000008000892        0x2 
 .text.MX_TIM2_Init
                0x0000000008000894       0x98 ./Core/Src/main.o
 .text.MX_GPIO_Init
                0x000000000800092c       0xbc ./Core/Src/main.o
 .text.Error_Handler
                0x00000000080009e8        0xa ./Core/Src/main.o
                0x00000000080009e8                Error_Handler
 *fill*         0x00000000080009f2        0x2 
 .text.HAL_MspInit
                0x00000000080009f4       0x64 ./Core/Src/stm32f1xx_hal_msp.o
                0x00000000080009f4                HAL_MspInit
 .text.HAL_TIM_Base_MspInit
                0x0000000008000a58       0x48 ./Core/Src/stm32f1xx_hal_msp.o
                0x0000000008000a58                HAL_TIM_Base_MspInit
 .text.NMI_Handler
                0x0000000008000aa0        0x6 ./Core/Src/stm32f1xx_it.o
                0x0000000008000aa0                NMI_Handler
 .text.HardFault_Handler
                0x0000000008000aa6        0x6 ./Core/Src/stm32f1xx_it.o
                0x0000000008000aa6                HardFault_Handler
 .text.MemManage_Handler
                0x0000000008000aac        0x6 ./Core/Src/stm32f1xx_it.o
                0x0000000008000aac                MemManage_Handler
 .text.BusFault_Handler
                0x0000000008000ab2        0x6 ./Core/Src/stm32f1xx_it.o
                0x0000000008000ab2                BusFault_Handler
 .text.UsageFault_Handler
                0x0000000008000ab8        0x6 ./Core/Src/stm32f1xx_it.o
                0x0000000008000ab8                UsageFault_Handler
 .text.SVC_Handler
                0x0000000008000abe        0xc ./Core/Src/stm32f1xx_it.o
                0x0000000008000abe                SVC_Handler
 .text.DebugMon_Handler
                0x0000000008000aca        0xc ./Core/Src/stm32f1xx_it.o
                0x0000000008000aca                DebugMon_Handler
 .text.PendSV_Handler
                0x0000000008000ad6        0xc ./Core/Src/stm32f1xx_it.o
                0x0000000008000ad6                PendSV_Handler
 .text.SysTick_Handler
                0x0000000008000ae2        0xc ./Core/Src/stm32f1xx_it.o
                0x0000000008000ae2                SysTick_Handler
 *fill*         0x0000000008000aee        0x2 
 .text.TIM2_IRQHandler
                0x0000000008000af0       0x14 ./Core/Src/stm32f1xx_it.o
                0x0000000008000af0                TIM2_IRQHandler
 .text._kill    0x0000000008000b04       0x20 ./Core/Src/syscalls.o
                0x0000000008000b04                _kill
 .text._exit    0x0000000008000b24       0x14 ./Core/Src/syscalls.o
                0x0000000008000b24                _exit
 .text._sbrk    0x0000000008000b38       0x6c ./Core/Src/sysmem.o
                0x0000000008000b38                _sbrk
 .text.SystemInit
                0x0000000008000ba4        0xc ./Core/Src/system_stm32f1xx.o
                0x0000000008000ba4                SystemInit
 .text.init_timer
                0x0000000008000bb0      0x154 ./Core/Src/timer.o
                0x0000000008000bb0                init_timer
 .text.setMilTimer
                0x0000000008000d04       0x7c ./Core/Src/timer.o
                0x0000000008000d04                setMilTimer
 .text.setSecTimer
                0x0000000008000d80       0x84 ./Core/Src/timer.o
                0x0000000008000d80                setSecTimer
 .text.getMilFlag
                0x0000000008000e04       0x38 ./Core/Src/timer.o
                0x0000000008000e04                getMilFlag
 .text.getSecFlag
                0x0000000008000e3c       0x38 ./Core/Src/timer.o
                0x0000000008000e3c                getSecFlag
 .text.resetSecFlag
                0x0000000008000e74       0x38 ./Core/Src/timer.o
                0x0000000008000e74                resetSecFlag
 .text.HAL_TIM_PeriodElapsedCallback
                0x0000000008000eac      0x100 ./Core/Src/timer.o
                0x0000000008000eac                HAL_TIM_PeriodElapsedCallback
 .text.Reset_Handler
                0x0000000008000fac       0x48 ./Core/Startup/startup_stm32f103c6ux.o
                0x0000000008000fac                Reset_Handler
 .text.Default_Handler
                0x0000000008000ff4        0x2 ./Core/Startup/startup_stm32f103c6ux.o
                0x0000000008000ff4                RTC_Alarm_IRQHandler
                0x0000000008000ff4                EXTI2_IRQHandler
                0x0000000008000ff4                TIM1_CC_IRQHandler
                0x0000000008000ff4                PVD_IRQHandler
                0x0000000008000ff4                EXTI3_IRQHandler
                0x0000000008000ff4                EXTI0_IRQHandler
                0x0000000008000ff4                ADC1_2_IRQHandler
                0x0000000008000ff4                SPI1_IRQHandler
                0x0000000008000ff4                TAMPER_IRQHandler
                0x0000000008000ff4                DMA1_Channel4_IRQHandler
                0x0000000008000ff4                RTC_IRQHandler
                0x0000000008000ff4                DMA1_Channel7_IRQHandler
                0x0000000008000ff4                CAN1_RX1_IRQHandler
                0x0000000008000ff4                I2C1_EV_IRQHandler
                0x0000000008000ff4                DMA1_Channel6_IRQHandler
                0x0000000008000ff4                TIM3_IRQHandler
                0x0000000008000ff4                RCC_IRQHandler
                0x0000000008000ff4                TIM1_TRG_COM_IRQHandler
                0x0000000008000ff4                DMA1_Channel1_IRQHandler
                0x0000000008000ff4                Default_Handler
                0x0000000008000ff4                EXTI15_10_IRQHandler
                0x0000000008000ff4                EXTI9_5_IRQHandler
                0x0000000008000ff4                DMA1_Channel5_IRQHandler
                0x0000000008000ff4                EXTI4_IRQHandler
                0x0000000008000ff4                USB_LP_CAN1_RX0_IRQHandler
                0x0000000008000ff4                USB_HP_CAN1_TX_IRQHandler
                0x0000000008000ff4                DMA1_Channel3_IRQHandler
                0x0000000008000ff4                TIM1_UP_IRQHandler
                0x0000000008000ff4                WWDG_IRQHandler
                0x0000000008000ff4                TIM1_BRK_IRQHandler
                0x0000000008000ff4                EXTI1_IRQHandler
                0x0000000008000ff4                USART2_IRQHandler
                0x0000000008000ff4                DMA1_Channel2_IRQHandler
                0x0000000008000ff4                CAN1_SCE_IRQHandler
                0x0000000008000ff4                FLASH_IRQHandler
                0x0000000008000ff4                USART1_IRQHandler
                0x0000000008000ff4                I2C1_ER_IRQHandler
                0x0000000008000ff4                USBWakeUp_IRQHandler
 *fill*         0x0000000008000ff6        0x2 
 .text.HAL_Init
                0x0000000008000ff8       0x2c ./Drivers/STM32F1xx_HAL_Driver/Src/stm32f1xx_hal.o
                0x0000000008000ff8                HAL_Init
 .text.HAL_InitTick
                0x0000000008001024       0x60 ./Drivers/STM32F1xx_HAL_Driver/Src/stm32f1xx_hal.o
                0x0000000008001024                HAL_InitTick
 .text.HAL_IncTick
                0x0000000008001084       0x24 ./Drivers/STM32F1xx_HAL_Driver/Src/stm32f1xx_hal.o
                0x0000000008001084                HAL_IncTick
 .text.HAL_GetTick
                0x00000000080010a8       0x14 ./Drivers/STM32F1xx_HAL_Driver/Src/stm32f1xx_hal.o
                0x00000000080010a8                HAL_GetTick
 .text.__NVIC_SetPriorityGrouping
                0x00000000080010bc       0x48 ./Drivers/STM32F1xx_HAL_Driver/Src/stm32f1xx_hal_cortex.o
 .text.__NVIC_GetPriorityGrouping
                0x0000000008001104       0x1c ./Drivers/STM32F1xx_HAL_Driver/Src/stm32f1xx_hal_cortex.o
 .text.__NVIC_EnableIRQ
                0x0000000008001120       0x38 ./Drivers/STM32F1xx_HAL_Driver/Src/stm32f1xx_hal_cortex.o
 .text.__NVIC_SetPriority
                0x0000000008001158       0x54 ./Drivers/STM32F1xx_HAL_Driver/Src/stm32f1xx_hal_cortex.o
 .text.NVIC_EncodePriority
                0x00000000080011ac       0x64 ./Drivers/STM32F1xx_HAL_Driver/Src/stm32f1xx_hal_cortex.o
 .text.SysTick_Config
                0x0000000008001210       0x44 ./Drivers/STM32F1xx_HAL_Driver/Src/stm32f1xx_hal_cortex.o
 .text.HAL_NVIC_SetPriorityGrouping
                0x0000000008001254       0x16 ./Drivers/STM32F1xx_HAL_Driver/Src/stm32f1xx_hal_cortex.o
                0x0000000008001254                HAL_NVIC_SetPriorityGrouping
 .text.HAL_NVIC_SetPriority
                0x000000000800126a       0x38 ./Drivers/STM32F1xx_HAL_Driver/Src/stm32f1xx_hal_cortex.o
                0x000000000800126a                HAL_NVIC_SetPriority
 .text.HAL_NVIC_EnableIRQ
                0x00000000080012a2       0x1c ./Drivers/STM32F1xx_HAL_Driver/Src/stm32f1xx_hal_cortex.o
                0x00000000080012a2                HAL_NVIC_EnableIRQ
 .text.HAL_SYSTICK_Config
                0x00000000080012be       0x18 ./Drivers/STM32F1xx_HAL_Driver/Src/stm32f1xx_hal_cortex.o
                0x00000000080012be                HAL_SYSTICK_Config
 *fill*         0x00000000080012d6        0x2 
 .text.HAL_GPIO_Init
                0x00000000080012d8      0x2f4 ./Drivers/STM32F1xx_HAL_Driver/Src/stm32f1xx_hal_gpio.o
                0x00000000080012d8                HAL_GPIO_Init
 .text.HAL_GPIO_ReadPin
                0x00000000080015cc       0x2e ./Drivers/STM32F1xx_HAL_Driver/Src/stm32f1xx_hal_gpio.o
                0x00000000080015cc                HAL_GPIO_ReadPin
 .text.HAL_GPIO_WritePin
                0x00000000080015fa       0x30 ./Drivers/STM32F1xx_HAL_Driver/Src/stm32f1xx_hal_gpio.o
                0x00000000080015fa                HAL_GPIO_WritePin
 .text.HAL_GPIO_TogglePin
                0x000000000800162a       0x32 ./Drivers/STM32F1xx_HAL_Driver/Src/stm32f1xx_hal_gpio.o
                0x000000000800162a                HAL_GPIO_TogglePin
 .text.HAL_RCC_OscConfig
                0x000000000800165c      0x500 ./Drivers/STM32F1xx_HAL_Driver/Src/stm32f1xx_hal_rcc.o
                0x000000000800165c                HAL_RCC_OscConfig
 .text.HAL_RCC_ClockConfig
                0x0000000008001b5c      0x1d4 ./Drivers/STM32F1xx_HAL_Driver/Src/stm32f1xx_hal_rcc.o
                0x0000000008001b5c                HAL_RCC_ClockConfig
 .text.HAL_RCC_GetSysClockFreq
                0x0000000008001d30       0xc0 ./Drivers/STM32F1xx_HAL_Driver/Src/stm32f1xx_hal_rcc.o
                0x0000000008001d30                HAL_RCC_GetSysClockFreq
 .text.RCC_Delay
                0x0000000008001df0       0x3c ./Drivers/STM32F1xx_HAL_Driver/Src/stm32f1xx_hal_rcc.o
 .text.HAL_TIM_Base_Init
                0x0000000008001e2c       0x9e ./Drivers/STM32F1xx_HAL_Driver/Src/stm32f1xx_hal_tim.o
                0x0000000008001e2c                HAL_TIM_Base_Init
 *fill*         0x0000000008001eca        0x2 
 .text.HAL_TIM_Base_Start_IT
                0x0000000008001ecc       0x98 ./Drivers/STM32F1xx_HAL_Driver/Src/stm32f1xx_hal_tim.o
                0x0000000008001ecc                HAL_TIM_Base_Start_IT
 .text.HAL_TIM_IRQHandler
                0x0000000008001f64      0x210 ./Drivers/STM32F1xx_HAL_Driver/Src/stm32f1xx_hal_tim.o
                0x0000000008001f64                HAL_TIM_IRQHandler
 .text.HAL_TIM_ConfigClockSource
                0x0000000008002174      0x188 ./Drivers/STM32F1xx_HAL_Driver/Src/stm32f1xx_hal_tim.o
                0x0000000008002174                HAL_TIM_ConfigClockSource
 .text.HAL_TIM_OC_DelayElapsedCallback
                0x00000000080022fc       0x12 ./Drivers/STM32F1xx_HAL_Driver/Src/stm32f1xx_hal_tim.o
                0x00000000080022fc                HAL_TIM_OC_DelayElapsedCallback
 .text.HAL_TIM_IC_CaptureCallback
                0x000000000800230e       0x12 ./Drivers/STM32F1xx_HAL_Driver/Src/stm32f1xx_hal_tim.o
                0x000000000800230e                HAL_TIM_IC_CaptureCallback
 .text.HAL_TIM_PWM_PulseFinishedCallback
                0x0000000008002320       0x12 ./Drivers/STM32F1xx_HAL_Driver/Src/stm32f1xx_hal_tim.o
                0x0000000008002320                HAL_TIM_PWM_PulseFinishedCallback
 .text.HAL_TIM_TriggerCallback
                0x0000000008002332       0x12 ./Drivers/STM32F1xx_HAL_Driver/Src/stm32f1xx_hal_tim.o
                0x0000000008002332                HAL_TIM_TriggerCallback
 .text.TIM_Base_SetConfig
                0x0000000008002344       0xb0 ./Drivers/STM32F1xx_HAL_Driver/Src/stm32f1xx_hal_tim.o
                0x0000000008002344                TIM_Base_SetConfig
 .text.TIM_TI1_ConfigInputStage
                0x00000000080023f4       0x5c ./Drivers/STM32F1xx_HAL_Driver/Src/stm32f1xx_hal_tim.o
 .text.TIM_TI2_ConfigInputStage
                0x0000000008002450       0x5e ./Drivers/STM32F1xx_HAL_Driver/Src/stm32f1xx_hal_tim.o
 .text.TIM_ITRx_SetConfig
                0x00000000080024ae       0x34 ./Drivers/STM32F1xx_HAL_Driver/Src/stm32f1xx_hal_tim.o
 .text.TIM_ETR_SetConfig
                0x00000000080024e2       0x3e ./Drivers/STM32F1xx_HAL_Driver/Src/stm32f1xx_hal_tim.o
                0x00000000080024e2                TIM_ETR_SetConfig
 .text.HAL_TIMEx_MasterConfigSynchronization
                0x0000000008002520       0xb0 ./Drivers/STM32F1xx_HAL_Driver/Src/stm32f1xx_hal_tim_ex.o
                0x0000000008002520                HAL_TIMEx_MasterConfigSynchronization
 .text.HAL_TIMEx_CommutCallback
                0x00000000080025d0       0x12 ./Drivers/STM32F1xx_HAL_Driver/Src/stm32f1xx_hal_tim_ex.o
                0x00000000080025d0                HAL_TIMEx_CommutCallback
 .text.HAL_TIMEx_BreakCallback
                0x00000000080025e2       0x12 ./Drivers/STM32F1xx_HAL_Driver/Src/stm32f1xx_hal_tim_ex.o
                0x00000000080025e2                HAL_TIMEx_BreakCallback
 .text.__errno  0x00000000080025f4        0xc c:/st/stm32cubeide_1.7.0/stm32cubeide/plugins/com.st.stm32cube.ide.mcu.externaltools.gnu-tools-for-stm32.9-2020-q2-update.win32_2.0.0.202105311346/tools/bin/../lib/gcc/arm-none-eabi/9.3.1/../../../../arm-none-eabi/lib/thumb/v7-m/nofp\libc_nano.a(lib_a-errno.o)
                0x00000000080025f4                __errno
 .text.exit     0x0000000008002600       0x28 c:/st/stm32cubeide_1.7.0/stm32cubeide/plugins/com.st.stm32cube.ide.mcu.externaltools.gnu-tools-for-stm32.9-2020-q2-update.win32_2.0.0.202105311346/tools/bin/../lib/gcc/arm-none-eabi/9.3.1/../../../../arm-none-eabi/lib/thumb/v7-m/nofp\libc_nano.a(lib_a-exit.o)
                0x0000000008002600                exit
 .text.__libc_init_array
                0x0000000008002628       0x48 c:/st/stm32cubeide_1.7.0/stm32cubeide/plugins/com.st.stm32cube.ide.mcu.externaltools.gnu-tools-for-stm32.9-2020-q2-update.win32_2.0.0.202105311346/tools/bin/../lib/gcc/arm-none-eabi/9.3.1/../../../../arm-none-eabi/lib/thumb/v7-m/nofp\libc_nano.a(lib_a-init.o)
                0x0000000008002628                __libc_init_array
 .text.malloc   0x0000000008002670       0x10 c:/st/stm32cubeide_1.7.0/stm32cubeide/plugins/com.st.stm32cube.ide.mcu.externaltools.gnu-tools-for-stm32.9-2020-q2-update.win32_2.0.0.202105311346/tools/bin/../lib/gcc/arm-none-eabi/9.3.1/../../../../arm-none-eabi/lib/thumb/v7-m/nofp\libc_nano.a(lib_a-malloc.o)
                0x0000000008002670                malloc
 .text.memset   0x0000000008002680       0x10 c:/st/stm32cubeide_1.7.0/stm32cubeide/plugins/com.st.stm32cube.ide.mcu.externaltools.gnu-tools-for-stm32.9-2020-q2-update.win32_2.0.0.202105311346/tools/bin/../lib/gcc/arm-none-eabi/9.3.1/../../../../arm-none-eabi/lib/thumb/v7-m/nofp\libc_nano.a(lib_a-memset.o)
                0x0000000008002680                memset
 .text._malloc_r
                0x0000000008002690       0xb4 c:/st/stm32cubeide_1.7.0/stm32cubeide/plugins/com.st.stm32cube.ide.mcu.externaltools.gnu-tools-for-stm32.9-2020-q2-update.win32_2.0.0.202105311346/tools/bin/../lib/gcc/arm-none-eabi/9.3.1/../../../../arm-none-eabi/lib/thumb/v7-m/nofp\libc_nano.a(lib_a-nano-mallocr.o)
                0x0000000008002690                _malloc_r
 .text._sbrk_r  0x0000000008002744       0x20 c:/st/stm32cubeide_1.7.0/stm32cubeide/plugins/com.st.stm32cube.ide.mcu.externaltools.gnu-tools-for-stm32.9-2020-q2-update.win32_2.0.0.202105311346/tools/bin/../lib/gcc/arm-none-eabi/9.3.1/../../../../arm-none-eabi/lib/thumb/v7-m/nofp\libc_nano.a(lib_a-sbrkr.o)
                0x0000000008002744                _sbrk_r
 .text.__malloc_lock
                0x0000000008002764        0xc c:/st/stm32cubeide_1.7.0/stm32cubeide/plugins/com.st.stm32cube.ide.mcu.externaltools.gnu-tools-for-stm32.9-2020-q2-update.win32_2.0.0.202105311346/tools/bin/../lib/gcc/arm-none-eabi/9.3.1/../../../../arm-none-eabi/lib/thumb/v7-m/nofp\libc_nano.a(lib_a-mlock.o)
                0x0000000008002764                __malloc_lock
 .text.__malloc_unlock
                0x0000000008002770        0xc c:/st/stm32cubeide_1.7.0/stm32cubeide/plugins/com.st.stm32cube.ide.mcu.externaltools.gnu-tools-for-stm32.9-2020-q2-update.win32_2.0.0.202105311346/tools/bin/../lib/gcc/arm-none-eabi/9.3.1/../../../../arm-none-eabi/lib/thumb/v7-m/nofp\libc_nano.a(lib_a-mlock.o)
                0x0000000008002770                __malloc_unlock
 .text.__retarget_lock_acquire_recursive
                0x000000000800277c        0x2 c:/st/stm32cubeide_1.7.0/stm32cubeide/plugins/com.st.stm32cube.ide.mcu.externaltools.gnu-tools-for-stm32.9-2020-q2-update.win32_2.0.0.202105311346/tools/bin/../lib/gcc/arm-none-eabi/9.3.1/../../../../arm-none-eabi/lib/thumb/v7-m/nofp\libc_nano.a(lib_a-lock.o)
                0x000000000800277c                __retarget_lock_acquire_recursive
 .text.__retarget_lock_release_recursive
                0x000000000800277e        0x2 c:/st/stm32cubeide_1.7.0/stm32cubeide/plugins/com.st.stm32cube.ide.mcu.externaltools.gnu-tools-for-stm32.9-2020-q2-update.win32_2.0.0.202105311346/tools/bin/../lib/gcc/arm-none-eabi/9.3.1/../../../../arm-none-eabi/lib/thumb/v7-m/nofp\libc_nano.a(lib_a-lock.o)
                0x000000000800277e                __retarget_lock_release_recursive
 *(.glue_7)
 .glue_7        0x0000000008002780        0x0 linker stubs
 *(.glue_7t)
 .glue_7t       0x0000000008002780        0x0 linker stubs
 *(.eh_frame)
 .eh_frame      0x0000000008002780        0x0 c:/st/stm32cubeide_1.7.0/stm32cubeide/plugins/com.st.stm32cube.ide.mcu.externaltools.gnu-tools-for-stm32.9-2020-q2-update.win32_2.0.0.202105311346/tools/bin/../lib/gcc/arm-none-eabi/9.3.1/thumb/v7-m/nofp/crtbegin.o
 *(.init)
 .init          0x0000000008002780        0x4 c:/st/stm32cubeide_1.7.0/stm32cubeide/plugins/com.st.stm32cube.ide.mcu.externaltools.gnu-tools-for-stm32.9-2020-q2-update.win32_2.0.0.202105311346/tools/bin/../lib/gcc/arm-none-eabi/9.3.1/thumb/v7-m/nofp/crti.o
                0x0000000008002780                _init
 .init          0x0000000008002784        0x8 c:/st/stm32cubeide_1.7.0/stm32cubeide/plugins/com.st.stm32cube.ide.mcu.externaltools.gnu-tools-for-stm32.9-2020-q2-update.win32_2.0.0.202105311346/tools/bin/../lib/gcc/arm-none-eabi/9.3.1/thumb/v7-m/nofp/crtn.o
 *(.fini)
 .fini          0x000000000800278c        0x4 c:/st/stm32cubeide_1.7.0/stm32cubeide/plugins/com.st.stm32cube.ide.mcu.externaltools.gnu-tools-for-stm32.9-2020-q2-update.win32_2.0.0.202105311346/tools/bin/../lib/gcc/arm-none-eabi/9.3.1/thumb/v7-m/nofp/crti.o
                0x000000000800278c                _fini
 .fini          0x0000000008002790        0x8 c:/st/stm32cubeide_1.7.0/stm32cubeide/plugins/com.st.stm32cube.ide.mcu.externaltools.gnu-tools-for-stm32.9-2020-q2-update.win32_2.0.0.202105311346/tools/bin/../lib/gcc/arm-none-eabi/9.3.1/thumb/v7-m/nofp/crtn.o
                0x0000000008002798                . = ALIGN (0x4)
                0x0000000008002798                _etext = .

.vfp11_veneer   0x0000000008002798        0x0
 .vfp11_veneer  0x0000000008002798        0x0 linker stubs

.v4_bx          0x0000000008002798        0x0
 .v4_bx         0x0000000008002798        0x0 linker stubs

.iplt           0x0000000008002798        0x0
 .iplt          0x0000000008002798        0x0 c:/st/stm32cubeide_1.7.0/stm32cubeide/plugins/com.st.stm32cube.ide.mcu.externaltools.gnu-tools-for-stm32.9-2020-q2-update.win32_2.0.0.202105311346/tools/bin/../lib/gcc/arm-none-eabi/9.3.1/thumb/v7-m/nofp/crtbegin.o

.rodata         0x0000000008002798       0x3c
                0x0000000008002798                . = ALIGN (0x4)
 *(.rodata)
 .rodata        0x0000000008002798       0x10 ./Drivers/STM32F1xx_HAL_Driver/Src/stm32f1xx_hal_rcc.o
 *(.rodata*)
 .rodata.button_port
                0x00000000080027a8        0x6 ./Core/Src/input_processing.o
                0x00000000080027a8                button_port
 *fill*         0x00000000080027ae        0x2 
 .rodata.seg7_port
                0x00000000080027b0        0xe ./Core/Src/input_processing.o
                0x00000000080027b0                seg7_port
 *fill*         0x00000000080027be        0x2 
 .rodata.AHBPrescTable
                0x00000000080027c0       0x10 ./Core/Src/system_stm32f1xx.o
                0x00000000080027c0                AHBPrescTable
 .rodata._global_impure_ptr
                0x00000000080027d0        0x4 c:/st/stm32cubeide_1.7.0/stm32cubeide/plugins/com.st.stm32cube.ide.mcu.externaltools.gnu-tools-for-stm32.9-2020-q2-update.win32_2.0.0.202105311346/tools/bin/../lib/gcc/arm-none-eabi/9.3.1/../../../../arm-none-eabi/lib/thumb/v7-m/nofp\libc_nano.a(lib_a-impure.o)
                0x00000000080027d0                _global_impure_ptr
                0x00000000080027d4                . = ALIGN (0x4)

.rel.dyn        0x00000000080027d4        0x0
 .rel.iplt      0x00000000080027d4        0x0 c:/st/stm32cubeide_1.7.0/stm32cubeide/plugins/com.st.stm32cube.ide.mcu.externaltools.gnu-tools-for-stm32.9-2020-q2-update.win32_2.0.0.202105311346/tools/bin/../lib/gcc/arm-none-eabi/9.3.1/thumb/v7-m/nofp/crtbegin.o

.ARM.extab      0x00000000080027d4        0x0
                0x00000000080027d4                . = ALIGN (0x4)
 *(.ARM.extab* .gnu.linkonce.armextab.*)
                0x00000000080027d4                . = ALIGN (0x4)

.ARM            0x00000000080027d4        0x0
                0x00000000080027d4                . = ALIGN (0x4)
                0x00000000080027d4                __exidx_start = .
 *(.ARM.exidx*)
                0x00000000080027d4                __exidx_end = .
                0x00000000080027d4                . = ALIGN (0x4)

.preinit_array  0x00000000080027d4        0x0
                0x00000000080027d4                . = ALIGN (0x4)
                0x00000000080027d4                PROVIDE (__preinit_array_start = .)
 *(.preinit_array*)
                0x00000000080027d4                PROVIDE (__preinit_array_end = .)
                0x00000000080027d4                . = ALIGN (0x4)

.init_array     0x00000000080027d4        0x4
                0x00000000080027d4                . = ALIGN (0x4)
                0x00000000080027d4                PROVIDE (__init_array_start = .)
 *(SORT_BY_NAME(.init_array.*))
 *(.init_array*)
 .init_array    0x00000000080027d4        0x4 c:/st/stm32cubeide_1.7.0/stm32cubeide/plugins/com.st.stm32cube.ide.mcu.externaltools.gnu-tools-for-stm32.9-2020-q2-update.win32_2.0.0.202105311346/tools/bin/../lib/gcc/arm-none-eabi/9.3.1/thumb/v7-m/nofp/crtbegin.o
                0x00000000080027d8                PROVIDE (__init_array_end = .)
                0x00000000080027d8                . = ALIGN (0x4)

.fini_array     0x00000000080027d8        0x4
                0x00000000080027d8                . = ALIGN (0x4)
                [!provide]                        PROVIDE (__fini_array_start = .)
 *(SORT_BY_NAME(.fini_array.*))
 *(.fini_array*)
 .fini_array    0x00000000080027d8        0x4 c:/st/stm32cubeide_1.7.0/stm32cubeide/plugins/com.st.stm32cube.ide.mcu.externaltools.gnu-tools-for-stm32.9-2020-q2-update.win32_2.0.0.202105311346/tools/bin/../lib/gcc/arm-none-eabi/9.3.1/thumb/v7-m/nofp/crtbegin.o
                [!provide]                        PROVIDE (__fini_array_end = .)
                0x00000000080027dc                . = ALIGN (0x4)
                0x00000000080027dc                _sidata = LOADADDR (.data)

.data           0x0000000020000000       0x80 load address 0x00000000080027dc
                0x0000000020000000                . = ALIGN (0x4)
                0x0000000020000000                _sdata = .
 *(.data)
 *(.data*)
 .data.seg7Hex  0x0000000020000000        0xb ./Core/Src/7seg-led.o
 *fill*         0x000000002000000b        0x1 
 .data.buffer_led7
                0x000000002000000c        0x1 ./Core/Src/input_processing.o
                0x000000002000000c                buffer_led7
 .data.mainstate
                0x000000002000000d        0x1 ./Core/Src/input_processing.o
                0x000000002000000d                mainstate
 *fill*         0x000000002000000e        0x2 
 .data.SystemCoreClock
                0x0000000020000010        0x4 ./Core/Src/system_stm32f1xx.o
                0x0000000020000010                SystemCoreClock
 .data.uwTickPrio
                0x0000000020000014        0x4 ./Drivers/STM32F1xx_HAL_Driver/Src/stm32f1xx_hal.o
                0x0000000020000014                uwTickPrio
 .data.uwTickFreq
                0x0000000020000018        0x1 ./Drivers/STM32F1xx_HAL_Driver/Src/stm32f1xx_hal.o
                0x0000000020000018                uwTickFreq
 *fill*         0x0000000020000019        0x3 
 .data._impure_ptr
                0x000000002000001c        0x4 c:/st/stm32cubeide_1.7.0/stm32cubeide/plugins/com.st.stm32cube.ide.mcu.externaltools.gnu-tools-for-stm32.9-2020-q2-update.win32_2.0.0.202105311346/tools/bin/../lib/gcc/arm-none-eabi/9.3.1/../../../../arm-none-eabi/lib/thumb/v7-m/nofp\libc_nano.a(lib_a-impure.o)
                0x000000002000001c                _impure_ptr
 .data.impure_data
                0x0000000020000020       0x60 c:/st/stm32cubeide_1.7.0/stm32cubeide/plugins/com.st.stm32cube.ide.mcu.externaltools.gnu-tools-for-stm32.9-2020-q2-update.win32_2.0.0.202105311346/tools/bin/../lib/gcc/arm-none-eabi/9.3.1/../../../../arm-none-eabi/lib/thumb/v7-m/nofp\libc_nano.a(lib_a-impure.o)
 *(.RamFunc)
 *(.RamFunc*)
                0x0000000020000080                . = ALIGN (0x4)
                0x0000000020000080                _edata = .

.igot.plt       0x0000000020000080        0x0 load address 0x000000000800285c
 .igot.plt      0x0000000020000080        0x0 c:/st/stm32cubeide_1.7.0/stm32cubeide/plugins/com.st.stm32cube.ide.mcu.externaltools.gnu-tools-for-stm32.9-2020-q2-update.win32_2.0.0.202105311346/tools/bin/../lib/gcc/arm-none-eabi/9.3.1/thumb/v7-m/nofp/crtbegin.o
                0x0000000020000080                . = ALIGN (0x4)

.bss            0x0000000020000080       0xd4 load address 0x000000000800285c
                0x0000000020000080                _sbss = .
                0x0000000020000080                __bss_start__ = _sbss
 *(.bss)
 .bss           0x0000000020000080       0x1c c:/st/stm32cubeide_1.7.0/stm32cubeide/plugins/com.st.stm32cube.ide.mcu.externaltools.gnu-tools-for-stm32.9-2020-q2-update.win32_2.0.0.202105311346/tools/bin/../lib/gcc/arm-none-eabi/9.3.1/thumb/v7-m/nofp/crtbegin.o
 *(.bss*)
 .bss.seg7Port  0x000000002000009c        0x4 ./Core/Src/7seg-led.o
 .bss.seg7Val   0x00000000200000a0        0x4 ./Core/Src/7seg-led.o
 .bss.allseg    0x00000000200000a4        0x2 ./Core/Src/7seg-led.o
 *fill*         0x00000000200000a6        0x2 
 .bss.isButtonPressed
                0x00000000200000a8        0x3 ./Core/Src/input_processing.o
                0x00000000200000a8                isButtonPressed
 *fill*         0x00000000200000ab        0x1 
 .bss.isButtonPressed3s
                0x00000000200000ac        0x3 ./Core/Src/input_processing.o
                0x00000000200000ac                isButtonPressed3s
 *fill*         0x00000000200000af        0x1 
 .bss.isButtonReleased
                0x00000000200000b0        0x3 ./Core/Src/input_processing.o
                0x00000000200000b0                isButtonReleased
 *fill*         0x00000000200000b3        0x1 
 .bss.buttonState
                0x00000000200000b4        0x3 ./Core/Src/input_processing.o
                0x00000000200000b4                buttonState
 *fill*         0x00000000200000b7        0x1 
 .bss.buttonBuffer
                0x00000000200000b8        0x4 ./Core/Src/input_reading.o
 .bss.debounceButtonBuffer1
                0x00000000200000bc        0x4 ./Core/Src/input_reading.o
 .bss.debounceButtonBuffer2
                0x00000000200000c0        0x4 ./Core/Src/input_reading.o
 .bss.__sbrk_heap_end
                0x00000000200000c4        0x4 ./Core/Src/sysmem.o
 .bss.TIMER_CYCLE
                0x00000000200000c8        0x4 ./Core/Src/timer.o
 .bss.NO_OF_MIL_TIMERS
                0x00000000200000cc        0x4 ./Core/Src/timer.o
 .bss.NO_OF_SEC_TIMERS
                0x00000000200000d0        0x4 ./Core/Src/timer.o
 .bss.timer_mil_counter
                0x00000000200000d4        0x4 ./Core/Src/timer.o
 .bss.timer_sec_counter
                0x00000000200000d8        0x4 ./Core/Src/timer.o
 .bss.timer_mil_flag
                0x00000000200000dc        0x4 ./Core/Src/timer.o
 .bss.timer_sec_flag
                0x00000000200000e0        0x4 ./Core/Src/timer.o
 .bss.timer_mil_stop
                0x00000000200000e4        0x4 ./Core/Src/timer.o
 .bss.timer_sec_stop
                0x00000000200000e8        0x4 ./Core/Src/timer.o
 .bss.__malloc_free_list
                0x00000000200000ec        0x4 c:/st/stm32cubeide_1.7.0/stm32cubeide/plugins/com.st.stm32cube.ide.mcu.externaltools.gnu-tools-for-stm32.9-2020-q2-update.win32_2.0.0.202105311346/tools/bin/../lib/gcc/arm-none-eabi/9.3.1/../../../../arm-none-eabi/lib/thumb/v7-m/nofp\libc_nano.a(lib_a-nano-mallocr.o)
                0x00000000200000ec                __malloc_free_list
 .bss.__malloc_sbrk_start
                0x00000000200000f0        0x4 c:/st/stm32cubeide_1.7.0/stm32cubeide/plugins/com.st.stm32cube.ide.mcu.externaltools.gnu-tools-for-stm32.9-2020-q2-update.win32_2.0.0.202105311346/tools/bin/../lib/gcc/arm-none-eabi/9.3.1/../../../../arm-none-eabi/lib/thumb/v7-m/nofp\libc_nano.a(lib_a-nano-mallocr.o)
                0x00000000200000f0                __malloc_sbrk_start
 *(COMMON)
 COMMON         0x00000000200000f4        0x4 ./Core/Src/input_reading.o
                0x00000000200000f4                buttonPort
 COMMON         0x00000000200000f8       0x48 ./Core/Src/main.o
                0x00000000200000f8                htim2
 COMMON         0x0000000020000140        0x4 ./Drivers/STM32F1xx_HAL_Driver/Src/stm32f1xx_hal.o
                0x0000000020000140                uwTick
 COMMON         0x0000000020000144        0x4 c:/st/stm32cubeide_1.7.0/stm32cubeide/plugins/com.st.stm32cube.ide.mcu.externaltools.gnu-tools-for-stm32.9-2020-q2-update.win32_2.0.0.202105311346/tools/bin/../lib/gcc/arm-none-eabi/9.3.1/../../../../arm-none-eabi/lib/thumb/v7-m/nofp\libc_nano.a(lib_a-reent.o)
                0x0000000020000144                errno
 COMMON         0x0000000020000148        0x9 c:/st/stm32cubeide_1.7.0/stm32cubeide/plugins/com.st.stm32cube.ide.mcu.externaltools.gnu-tools-for-stm32.9-2020-q2-update.win32_2.0.0.202105311346/tools/bin/../lib/gcc/arm-none-eabi/9.3.1/../../../../arm-none-eabi/lib/thumb/v7-m/nofp\libc_nano.a(lib_a-lock.o)
                0x0000000020000148                __lock___atexit_recursive_mutex
                0x0000000020000149                __lock___arc4random_mutex
                0x000000002000014a                __lock___env_recursive_mutex
                0x000000002000014b                __lock___sinit_recursive_mutex
                0x000000002000014c                __lock___malloc_recursive_mutex
                0x000000002000014d                __lock___at_quick_exit_mutex
                0x000000002000014e                __lock___dd_hash_mutex
                0x000000002000014f                __lock___tz_mutex
                0x0000000020000150                __lock___sfp_recursive_mutex
                0x0000000020000154                . = ALIGN (0x4)
 *fill*         0x0000000020000151        0x3 
                0x0000000020000154                _ebss = .
                0x0000000020000154                __bss_end__ = _ebss

._user_heap_stack
                0x0000000020000154      0x604 load address 0x000000000800285c
                0x0000000020000158                . = ALIGN (0x8)
 *fill*         0x0000000020000154        0x4 
                [!provide]                        PROVIDE (end = .)
                0x0000000020000158                PROVIDE (_end = .)
                0x0000000020000358                . = (. + _Min_Heap_Size)
 *fill*         0x0000000020000158      0x200 
                0x0000000020000758                . = (. + _Min_Stack_Size)
 *fill*         0x0000000020000358      0x400 
                0x0000000020000758                . = ALIGN (0x8)

/DISCARD/
 libc.a(*)
 libm.a(*)
 libgcc.a(*)

.ARM.attributes
                0x0000000000000000       0x29
 *(.ARM.attributes)
 .ARM.attributes
                0x0000000000000000       0x1d c:/st/stm32cubeide_1.7.0/stm32cubeide/plugins/com.st.stm32cube.ide.mcu.externaltools.gnu-tools-for-stm32.9-2020-q2-update.win32_2.0.0.202105311346/tools/bin/../lib/gcc/arm-none-eabi/9.3.1/thumb/v7-m/nofp/crti.o
 .ARM.attributes
                0x000000000000001d       0x2d c:/st/stm32cubeide_1.7.0/stm32cubeide/plugins/com.st.stm32cube.ide.mcu.externaltools.gnu-tools-for-stm32.9-2020-q2-update.win32_2.0.0.202105311346/tools/bin/../lib/gcc/arm-none-eabi/9.3.1/thumb/v7-m/nofp/crtbegin.o
 .ARM.attributes
                0x000000000000004a       0x2d ./Core/Src/7seg-led.o
 .ARM.attributes
                0x0000000000000077       0x2d ./Core/Src/input_processing.o
 .ARM.attributes
                0x00000000000000a4       0x2d ./Core/Src/input_reading.o
 .ARM.attributes
                0x00000000000000d1       0x2d ./Core/Src/main.o
 .ARM.attributes
                0x00000000000000fe       0x2d ./Core/Src/stm32f1xx_hal_msp.o
 .ARM.attributes
                0x000000000000012b       0x2d ./Core/Src/stm32f1xx_it.o
 .ARM.attributes
                0x0000000000000158       0x2d ./Core/Src/syscalls.o
 .ARM.attributes
                0x0000000000000185       0x2d ./Core/Src/sysmem.o
 .ARM.attributes
                0x00000000000001b2       0x2d ./Core/Src/system_stm32f1xx.o
 .ARM.attributes
                0x00000000000001df       0x2d ./Core/Src/timer.o
 .ARM.attributes
                0x000000000000020c       0x21 ./Core/Startup/startup_stm32f103c6ux.o
 .ARM.attributes
                0x000000000000022d       0x2d ./Drivers/STM32F1xx_HAL_Driver/Src/stm32f1xx_hal.o
 .ARM.attributes
                0x000000000000025a       0x2d ./Drivers/STM32F1xx_HAL_Driver/Src/stm32f1xx_hal_cortex.o
 .ARM.attributes
                0x0000000000000287       0x2d ./Drivers/STM32F1xx_HAL_Driver/Src/stm32f1xx_hal_gpio.o
 .ARM.attributes
                0x00000000000002b4       0x2d ./Drivers/STM32F1xx_HAL_Driver/Src/stm32f1xx_hal_rcc.o
 .ARM.attributes
                0x00000000000002e1       0x2d ./Drivers/STM32F1xx_HAL_Driver/Src/stm32f1xx_hal_tim.o
 .ARM.attributes
                0x000000000000030e       0x2d ./Drivers/STM32F1xx_HAL_Driver/Src/stm32f1xx_hal_tim_ex.o
 .ARM.attributes
                0x000000000000033b       0x2d c:/st/stm32cubeide_1.7.0/stm32cubeide/plugins/com.st.stm32cube.ide.mcu.externaltools.gnu-tools-for-stm32.9-2020-q2-update.win32_2.0.0.202105311346/tools/bin/../lib/gcc/arm-none-eabi/9.3.1/../../../../arm-none-eabi/lib/thumb/v7-m/nofp\libc_nano.a(lib_a-errno.o)
 .ARM.attributes
                0x0000000000000368       0x2d c:/st/stm32cubeide_1.7.0/stm32cubeide/plugins/com.st.stm32cube.ide.mcu.externaltools.gnu-tools-for-stm32.9-2020-q2-update.win32_2.0.0.202105311346/tools/bin/../lib/gcc/arm-none-eabi/9.3.1/../../../../arm-none-eabi/lib/thumb/v7-m/nofp\libc_nano.a(lib_a-exit.o)
 .ARM.attributes
                0x0000000000000395       0x2d c:/st/stm32cubeide_1.7.0/stm32cubeide/plugins/com.st.stm32cube.ide.mcu.externaltools.gnu-tools-for-stm32.9-2020-q2-update.win32_2.0.0.202105311346/tools/bin/../lib/gcc/arm-none-eabi/9.3.1/../../../../arm-none-eabi/lib/thumb/v7-m/nofp\libc_nano.a(lib_a-impure.o)
 .ARM.attributes
                0x00000000000003c2       0x2d c:/st/stm32cubeide_1.7.0/stm32cubeide/plugins/com.st.stm32cube.ide.mcu.externaltools.gnu-tools-for-stm32.9-2020-q2-update.win32_2.0.0.202105311346/tools/bin/../lib/gcc/arm-none-eabi/9.3.1/../../../../arm-none-eabi/lib/thumb/v7-m/nofp\libc_nano.a(lib_a-init.o)
 .ARM.attributes
                0x00000000000003ef       0x2d c:/st/stm32cubeide_1.7.0/stm32cubeide/plugins/com.st.stm32cube.ide.mcu.externaltools.gnu-tools-for-stm32.9-2020-q2-update.win32_2.0.0.202105311346/tools/bin/../lib/gcc/arm-none-eabi/9.3.1/../../../../arm-none-eabi/lib/thumb/v7-m/nofp\libc_nano.a(lib_a-malloc.o)
 .ARM.attributes
                0x000000000000041c       0x2d c:/st/stm32cubeide_1.7.0/stm32cubeide/plugins/com.st.stm32cube.ide.mcu.externaltools.gnu-tools-for-stm32.9-2020-q2-update.win32_2.0.0.202105311346/tools/bin/../lib/gcc/arm-none-eabi/9.3.1/../../../../arm-none-eabi/lib/thumb/v7-m/nofp\libc_nano.a(lib_a-memset.o)
 .ARM.attributes
                0x0000000000000449       0x2d c:/st/stm32cubeide_1.7.0/stm32cubeide/plugins/com.st.stm32cube.ide.mcu.externaltools.gnu-tools-for-stm32.9-2020-q2-update.win32_2.0.0.202105311346/tools/bin/../lib/gcc/arm-none-eabi/9.3.1/../../../../arm-none-eabi/lib/thumb/v7-m/nofp\libc_nano.a(lib_a-nano-mallocr.o)
 .ARM.attributes
                0x0000000000000476       0x2d c:/st/stm32cubeide_1.7.0/stm32cubeide/plugins/com.st.stm32cube.ide.mcu.externaltools.gnu-tools-for-stm32.9-2020-q2-update.win32_2.0.0.202105311346/tools/bin/../lib/gcc/arm-none-eabi/9.3.1/../../../../arm-none-eabi/lib/thumb/v7-m/nofp\libc_nano.a(lib_a-sbrkr.o)
 .ARM.attributes
                0x00000000000004a3       0x2d c:/st/stm32cubeide_1.7.0/stm32cubeide/plugins/com.st.stm32cube.ide.mcu.externaltools.gnu-tools-for-stm32.9-2020-q2-update.win32_2.0.0.202105311346/tools/bin/../lib/gcc/arm-none-eabi/9.3.1/../../../../arm-none-eabi/lib/thumb/v7-m/nofp\libc_nano.a(lib_a-mlock.o)
 .ARM.attributes
                0x00000000000004d0       0x2d c:/st/stm32cubeide_1.7.0/stm32cubeide/plugins/com.st.stm32cube.ide.mcu.externaltools.gnu-tools-for-stm32.9-2020-q2-update.win32_2.0.0.202105311346/tools/bin/../lib/gcc/arm-none-eabi/9.3.1/../../../../arm-none-eabi/lib/thumb/v7-m/nofp\libc_nano.a(lib_a-reent.o)
 .ARM.attributes
                0x00000000000004fd       0x2d c:/st/stm32cubeide_1.7.0/stm32cubeide/plugins/com.st.stm32cube.ide.mcu.externaltools.gnu-tools-for-stm32.9-2020-q2-update.win32_2.0.0.202105311346/tools/bin/../lib/gcc/arm-none-eabi/9.3.1/../../../../arm-none-eabi/lib/thumb/v7-m/nofp\libc_nano.a(lib_a-lock.o)
 .ARM.attributes
                0x000000000000052a       0x1d c:/st/stm32cubeide_1.7.0/stm32cubeide/plugins/com.st.stm32cube.ide.mcu.externaltools.gnu-tools-for-stm32.9-2020-q2-update.win32_2.0.0.202105311346/tools/bin/../lib/gcc/arm-none-eabi/9.3.1/thumb/v7-m/nofp/crtn.o
OUTPUT(MID.elf elf32-littlearm)
LOAD linker stubs
LOAD c:/st/stm32cubeide_1.7.0/stm32cubeide/plugins/com.st.stm32cube.ide.mcu.externaltools.gnu-tools-for-stm32.9-2020-q2-update.win32_2.0.0.202105311346/tools/bin/../lib/gcc/arm-none-eabi/9.3.1/../../../../arm-none-eabi/lib/thumb/v7-m/nofp\libc.a
LOAD c:/st/stm32cubeide_1.7.0/stm32cubeide/plugins/com.st.stm32cube.ide.mcu.externaltools.gnu-tools-for-stm32.9-2020-q2-update.win32_2.0.0.202105311346/tools/bin/../lib/gcc/arm-none-eabi/9.3.1/../../../../arm-none-eabi/lib/thumb/v7-m/nofp\libm.a
LOAD c:/st/stm32cubeide_1.7.0/stm32cubeide/plugins/com.st.stm32cube.ide.mcu.externaltools.gnu-tools-for-stm32.9-2020-q2-update.win32_2.0.0.202105311346/tools/bin/../lib/gcc/arm-none-eabi/9.3.1/thumb/v7-m/nofp\libgcc.a

.debug_info     0x0000000000000000     0xe101
 .debug_info    0x0000000000000000      0xbc1 ./Core/Src/7seg-led.o
 .debug_info    0x0000000000000bc1     0x1234 ./Core/Src/input_processing.o
 .debug_info    0x0000000000001df5      0xbd1 ./Core/Src/input_reading.o
 .debug_info    0x00000000000029c6     0x140e ./Core/Src/main.o
 .debug_info    0x0000000000003dd4      0xa04 ./Core/Src/stm32f1xx_hal_msp.o
 .debug_info    0x00000000000047d8      0x7b4 ./Core/Src/stm32f1xx_it.o
 .debug_info    0x0000000000004f8c      0xfa8 ./Core/Src/syscalls.o
 .debug_info    0x0000000000005f34      0xa25 ./Core/Src/sysmem.o
 .debug_info    0x0000000000006959      0x2be ./Core/Src/system_stm32f1xx.o
 .debug_info    0x0000000000006c17     0x1315 ./Core/Src/timer.o
 .debug_info    0x0000000000007f2c       0x22 ./Core/Startup/startup_stm32f103c6ux.o
 .debug_info    0x0000000000007f4e      0x74c ./Drivers/STM32F1xx_HAL_Driver/Src/stm32f1xx_hal.o
 .debug_info    0x000000000000869a      0xbbe ./Drivers/STM32F1xx_HAL_Driver/Src/stm32f1xx_hal_cortex.o
 .debug_info    0x0000000000009258      0x701 ./Drivers/STM32F1xx_HAL_Driver/Src/stm32f1xx_hal_gpio.o
 .debug_info    0x0000000000009959      0x88e ./Drivers/STM32F1xx_HAL_Driver/Src/stm32f1xx_hal_rcc.o
 .debug_info    0x000000000000a1e7     0x2a45 ./Drivers/STM32F1xx_HAL_Driver/Src/stm32f1xx_hal_tim.o
 .debug_info    0x000000000000cc2c     0x14d5 ./Drivers/STM32F1xx_HAL_Driver/Src/stm32f1xx_hal_tim_ex.o

.debug_abbrev   0x0000000000000000     0x22b7
 .debug_abbrev  0x0000000000000000      0x21e ./Core/Src/7seg-led.o
 .debug_abbrev  0x000000000000021e      0x24b ./Core/Src/input_processing.o
 .debug_abbrev  0x0000000000000469      0x24f ./Core/Src/input_reading.o
 .debug_abbrev  0x00000000000006b8      0x287 ./Core/Src/main.o
 .debug_abbrev  0x000000000000093f      0x1b7 ./Core/Src/stm32f1xx_hal_msp.o
 .debug_abbrev  0x0000000000000af6      0x176 ./Core/Src/stm32f1xx_it.o
 .debug_abbrev  0x0000000000000c6c      0x286 ./Core/Src/syscalls.o
 .debug_abbrev  0x0000000000000ef2      0x1bf ./Core/Src/sysmem.o
 .debug_abbrev  0x00000000000010b1      0x14e ./Core/Src/system_stm32f1xx.o
 .debug_abbrev  0x00000000000011ff      0x287 ./Core/Src/timer.o
 .debug_abbrev  0x0000000000001486       0x12 ./Core/Startup/startup_stm32f103c6ux.o
 .debug_abbrev  0x0000000000001498      0x1ed ./Drivers/STM32F1xx_HAL_Driver/Src/stm32f1xx_hal.o
 .debug_abbrev  0x0000000000001685      0x313 ./Drivers/STM32F1xx_HAL_Driver/Src/stm32f1xx_hal_cortex.o
 .debug_abbrev  0x0000000000001998      0x1e8 ./Drivers/STM32F1xx_HAL_Driver/Src/stm32f1xx_hal_gpio.o
 .debug_abbrev  0x0000000000001b80      0x273 ./Drivers/STM32F1xx_HAL_Driver/Src/stm32f1xx_hal_rcc.o
 .debug_abbrev  0x0000000000001df3      0x25e ./Drivers/STM32F1xx_HAL_Driver/Src/stm32f1xx_hal_tim.o
 .debug_abbrev  0x0000000000002051      0x266 ./Drivers/STM32F1xx_HAL_Driver/Src/stm32f1xx_hal_tim_ex.o

.debug_aranges  0x0000000000000000      0xb00
 .debug_aranges
                0x0000000000000000       0x28 ./Core/Src/7seg-led.o
 .debug_aranges
                0x0000000000000028       0x40 ./Core/Src/input_processing.o
 .debug_aranges
                0x0000000000000068       0x30 ./Core/Src/input_reading.o
 .debug_aranges
                0x0000000000000098       0x40 ./Core/Src/main.o
 .debug_aranges
                0x00000000000000d8       0x30 ./Core/Src/stm32f1xx_hal_msp.o
 .debug_aranges
                0x0000000000000108       0x68 ./Core/Src/stm32f1xx_it.o
 .debug_aranges
                0x0000000000000170       0xa8 ./Core/Src/syscalls.o
 .debug_aranges
                0x0000000000000218       0x20 ./Core/Src/sysmem.o
 .debug_aranges
                0x0000000000000238       0x28 ./Core/Src/system_stm32f1xx.o
 .debug_aranges
                0x0000000000000260       0x78 ./Core/Src/timer.o
 .debug_aranges
                0x00000000000002d8       0x28 ./Core/Startup/startup_stm32f103c6ux.o
 .debug_aranges
                0x0000000000000300       0xe0 ./Drivers/STM32F1xx_HAL_Driver/Src/stm32f1xx_hal.o
 .debug_aranges
                0x00000000000003e0      0x100 ./Drivers/STM32F1xx_HAL_Driver/Src/stm32f1xx_hal_cortex.o
 .debug_aranges
                0x00000000000004e0       0x58 ./Drivers/STM32F1xx_HAL_Driver/Src/stm32f1xx_hal_gpio.o
 .debug_aranges
                0x0000000000000538       0x90 ./Drivers/STM32F1xx_HAL_Driver/Src/stm32f1xx_hal_rcc.o
 .debug_aranges
                0x00000000000005c8      0x3d0 ./Drivers/STM32F1xx_HAL_Driver/Src/stm32f1xx_hal_tim.o
 .debug_aranges
                0x0000000000000998      0x168 ./Drivers/STM32F1xx_HAL_Driver/Src/stm32f1xx_hal_tim_ex.o

.debug_ranges   0x0000000000000000      0x9f8
 .debug_ranges  0x0000000000000000       0x18 ./Core/Src/7seg-led.o
 .debug_ranges  0x0000000000000018       0x30 ./Core/Src/input_processing.o
 .debug_ranges  0x0000000000000048       0x20 ./Core/Src/input_reading.o
 .debug_ranges  0x0000000000000068       0x30 ./Core/Src/main.o
 .debug_ranges  0x0000000000000098       0x20 ./Core/Src/stm32f1xx_hal_msp.o
 .debug_ranges  0x00000000000000b8       0x58 ./Core/Src/stm32f1xx_it.o
 .debug_ranges  0x0000000000000110       0x98 ./Core/Src/syscalls.o
 .debug_ranges  0x00000000000001a8       0x10 ./Core/Src/sysmem.o
 .debug_ranges  0x00000000000001b8       0x18 ./Core/Src/system_stm32f1xx.o
 .debug_ranges  0x00000000000001d0       0x68 ./Core/Src/timer.o
 .debug_ranges  0x0000000000000238       0x20 ./Core/Startup/startup_stm32f103c6ux.o
 .debug_ranges  0x0000000000000258       0xd0 ./Drivers/STM32F1xx_HAL_Driver/Src/stm32f1xx_hal.o
 .debug_ranges  0x0000000000000328       0xf0 ./Drivers/STM32F1xx_HAL_Driver/Src/stm32f1xx_hal_cortex.o
 .debug_ranges  0x0000000000000418       0x48 ./Drivers/STM32F1xx_HAL_Driver/Src/stm32f1xx_hal_gpio.o
 .debug_ranges  0x0000000000000460       0x80 ./Drivers/STM32F1xx_HAL_Driver/Src/stm32f1xx_hal_rcc.o
 .debug_ranges  0x00000000000004e0      0x3c0 ./Drivers/STM32F1xx_HAL_Driver/Src/stm32f1xx_hal_tim.o
 .debug_ranges  0x00000000000008a0      0x158 ./Drivers/STM32F1xx_HAL_Driver/Src/stm32f1xx_hal_tim_ex.o

.debug_macro    0x0000000000000000    0x188e3
 .debug_macro   0x0000000000000000      0x295 ./Core/Src/7seg-led.o
 .debug_macro   0x0000000000000295      0xa9c ./Core/Src/7seg-led.o
 .debug_macro   0x0000000000000d31      0x215 ./Core/Src/7seg-led.o
 .debug_macro   0x0000000000000f46       0x2e ./Core/Src/7seg-led.o
 .debug_macro   0x0000000000000f74       0x22 ./Core/Src/7seg-led.o
 .debug_macro   0x0000000000000f96       0x22 ./Core/Src/7seg-led.o
 .debug_macro   0x0000000000000fb8       0x8e ./Core/Src/7seg-led.o
 .debug_macro   0x0000000000001046       0x51 ./Core/Src/7seg-led.o
 .debug_macro   0x0000000000001097      0x103 ./Core/Src/7seg-led.o
 .debug_macro   0x000000000000119a       0x6a ./Core/Src/7seg-led.o
 .debug_macro   0x0000000000001204      0x1df ./Core/Src/7seg-led.o
 .debug_macro   0x00000000000013e3       0x1c ./Core/Src/7seg-led.o
 .debug_macro   0x00000000000013ff       0x22 ./Core/Src/7seg-led.o
 .debug_macro   0x0000000000001421       0xc3 ./Core/Src/7seg-led.o
 .debug_macro   0x00000000000014e4      0xd23 ./Core/Src/7seg-led.o
 .debug_macro   0x0000000000002207     0xde75 ./Core/Src/7seg-led.o
 .debug_macro   0x000000000001007c       0x6d ./Core/Src/7seg-led.o
 .debug_macro   0x00000000000100e9     0x3468 ./Core/Src/7seg-led.o
 .debug_macro   0x0000000000013551      0x174 ./Core/Src/7seg-led.o
 .debug_macro   0x00000000000136c5       0x5c ./Core/Src/7seg-led.o
 .debug_macro   0x0000000000013721      0x5be ./Core/Src/7seg-led.o
 .debug_macro   0x0000000000013cdf      0x1b7 ./Core/Src/7seg-led.o
 .debug_macro   0x0000000000013e96      0x1cb ./Core/Src/7seg-led.o
 .debug_macro   0x0000000000014061      0x114 ./Core/Src/7seg-led.o
 .debug_macro   0x0000000000014175      0x1b2 ./Core/Src/7seg-led.o
 .debug_macro   0x0000000000014327       0x27 ./Core/Src/7seg-led.o
 .debug_macro   0x000000000001434e      0x12f ./Core/Src/7seg-led.o
 .debug_macro   0x000000000001447d      0x1bc ./Core/Src/7seg-led.o
 .debug_macro   0x0000000000014639       0x34 ./Core/Src/7seg-led.o
 .debug_macro   0x000000000001466d       0x3c ./Core/Src/7seg-led.o
 .debug_macro   0x00000000000146a9       0x57 ./Core/Src/7seg-led.o
 .debug_macro   0x0000000000014700       0x88 ./Core/Src/7seg-led.o
 .debug_macro   0x0000000000014788      0x183 ./Core/Src/7seg-led.o
 .debug_macro   0x000000000001490b      0x141 ./Core/Src/7seg-led.o
 .debug_macro   0x0000000000014a4c      0x8d1 ./Core/Src/7seg-led.o
 .debug_macro   0x000000000001531d       0x69 ./Core/Src/7seg-led.o
 .debug_macro   0x0000000000015386       0x94 ./Core/Src/7seg-led.o
 .debug_macro   0x000000000001541a       0x18 ./Core/Src/7seg-led.o
 .debug_macro   0x0000000000015432       0x52 ./Core/Src/7seg-led.o
 .debug_macro   0x0000000000015484       0x3c ./Core/Src/7seg-led.o
 .debug_macro   0x00000000000154c0       0x34 ./Core/Src/7seg-led.o
 .debug_macro   0x00000000000154f4       0x16 ./Core/Src/7seg-led.o
 .debug_macro   0x000000000001550a       0x35 ./Core/Src/7seg-led.o
 .debug_macro   0x000000000001553f       0x16 ./Core/Src/7seg-led.o
 .debug_macro   0x0000000000015555       0x43 ./Core/Src/7seg-led.o
 .debug_macro   0x0000000000015598       0x34 ./Core/Src/7seg-led.o
 .debug_macro   0x00000000000155cc       0x10 ./Core/Src/7seg-led.o
 .debug_macro   0x00000000000155dc       0x58 ./Core/Src/7seg-led.o
 .debug_macro   0x0000000000015634       0x71 ./Core/Src/7seg-led.o
 .debug_macro   0x00000000000156a5       0x1c ./Core/Src/7seg-led.o
 .debug_macro   0x00000000000156c1      0x12a ./Core/Src/7seg-led.o
 .debug_macro   0x00000000000157eb      0x333 ./Core/Src/7seg-led.o
 .debug_macro   0x0000000000015b1e       0x16 ./Core/Src/7seg-led.o
 .debug_macro   0x0000000000015b34       0x29 ./Core/Src/7seg-led.o
 .debug_macro   0x0000000000015b5d      0x2a0 ./Core/Src/input_processing.o
 .debug_macro   0x0000000000015dfd       0x10 ./Core/Src/input_processing.o
 .debug_macro   0x0000000000015e0d      0x28f ./Core/Src/input_reading.o
 .debug_macro   0x000000000001609c      0x29e ./Core/Src/main.o
 .debug_macro   0x000000000001633a      0x1a7 ./Core/Src/stm32f1xx_hal_msp.o
 .debug_macro   0x00000000000164e1      0x1b1 ./Core/Src/stm32f1xx_it.o
 .debug_macro   0x0000000000016692      0x24c ./Core/Src/syscalls.o
 .debug_macro   0x00000000000168de       0x4c ./Core/Src/syscalls.o
 .debug_macro   0x000000000001692a       0x94 ./Core/Src/syscalls.o
 .debug_macro   0x00000000000169be       0x57 ./Core/Src/syscalls.o
 .debug_macro   0x0000000000016a15      0x339 ./Core/Src/syscalls.o
 .debug_macro   0x0000000000016d4e       0x10 ./Core/Src/syscalls.o
 .debug_macro   0x0000000000016d5e       0x10 ./Core/Src/syscalls.o
 .debug_macro   0x0000000000016d6e       0x10 ./Core/Src/syscalls.o
 .debug_macro   0x0000000000016d7e       0x10 ./Core/Src/syscalls.o
 .debug_macro   0x0000000000016d8e       0x1c ./Core/Src/syscalls.o
 .debug_macro   0x0000000000016daa       0x52 ./Core/Src/syscalls.o
 .debug_macro   0x0000000000016dfc       0x22 ./Core/Src/syscalls.o
 .debug_macro   0x0000000000016e1e       0x10 ./Core/Src/syscalls.o
 .debug_macro   0x0000000000016e2e       0x40 ./Core/Src/syscalls.o
 .debug_macro   0x0000000000016e6e       0xd5 ./Core/Src/syscalls.o
 .debug_macro   0x0000000000016f43       0x1c ./Core/Src/syscalls.o
 .debug_macro   0x0000000000016f5f       0x3d ./Core/Src/syscalls.o
 .debug_macro   0x0000000000016f9c       0x35 ./Core/Src/syscalls.o
 .debug_macro   0x0000000000016fd1      0x12c ./Core/Src/syscalls.o
 .debug_macro   0x00000000000170fd       0x10 ./Core/Src/syscalls.o
 .debug_macro   0x000000000001710d      0x241 ./Core/Src/syscalls.o
 .debug_macro   0x000000000001734e       0x1c ./Core/Src/syscalls.o
 .debug_macro   0x000000000001736a       0x10 ./Core/Src/syscalls.o
 .debug_macro   0x000000000001737a       0x10 ./Core/Src/syscalls.o
 .debug_macro   0x000000000001738a       0x16 ./Core/Src/syscalls.o
 .debug_macro   0x00000000000173a0      0x145 ./Core/Src/syscalls.o
 .debug_macro   0x00000000000174e5      0x189 ./Core/Src/syscalls.o
 .debug_macro   0x000000000001766e       0x16 ./Core/Src/syscalls.o
 .debug_macro   0x0000000000017684       0xce ./Core/Src/syscalls.o
 .debug_macro   0x0000000000017752       0xff ./Core/Src/sysmem.o
 .debug_macro   0x0000000000017851      0x23b ./Core/Src/sysmem.o
 .debug_macro   0x0000000000017a8c      0x198 ./Core/Src/system_stm32f1xx.o
 .debug_macro   0x0000000000017c24      0x28d ./Core/Src/timer.o
 .debug_macro   0x0000000000017eb1      0x1bc ./Drivers/STM32F1xx_HAL_Driver/Src/stm32f1xx_hal.o
 .debug_macro   0x000000000001806d      0x198 ./Drivers/STM32F1xx_HAL_Driver/Src/stm32f1xx_hal_cortex.o
 .debug_macro   0x0000000000018205      0x203 ./Drivers/STM32F1xx_HAL_Driver/Src/stm32f1xx_hal_gpio.o
 .debug_macro   0x0000000000018408      0x1aa ./Drivers/STM32F1xx_HAL_Driver/Src/stm32f1xx_hal_rcc.o
 .debug_macro   0x00000000000185b2      0x199 ./Drivers/STM32F1xx_HAL_Driver/Src/stm32f1xx_hal_tim.o
 .debug_macro   0x000000000001874b      0x198 ./Drivers/STM32F1xx_HAL_Driver/Src/stm32f1xx_hal_tim_ex.o

.debug_line     0x0000000000000000     0xc732
 .debug_line    0x0000000000000000      0x825 ./Core/Src/7seg-led.o
 .debug_line    0x0000000000000825      0xb5b ./Core/Src/input_processing.o
 .debug_line    0x0000000000001380      0x891 ./Core/Src/input_reading.o
 .debug_line    0x0000000000001c11      0x908 ./Core/Src/main.o
 .debug_line    0x0000000000002519      0x6a1 ./Core/Src/stm32f1xx_hal_msp.o
 .debug_line    0x0000000000002bba      0x73f ./Core/Src/stm32f1xx_it.o
 .debug_line    0x00000000000032f9      0x802 ./Core/Src/syscalls.o
 .debug_line    0x0000000000003afb      0x4f8 ./Core/Src/sysmem.o
 .debug_line    0x0000000000003ff3      0x6e3 ./Core/Src/system_stm32f1xx.o
 .debug_line    0x00000000000046d6      0xaaa ./Core/Src/timer.o
 .debug_line    0x0000000000005180       0x87 ./Core/Startup/startup_stm32f103c6ux.o
 .debug_line    0x0000000000005207      0x910 ./Drivers/STM32F1xx_HAL_Driver/Src/stm32f1xx_hal.o
 .debug_line    0x0000000000005b17      0xaf8 ./Drivers/STM32F1xx_HAL_Driver/Src/stm32f1xx_hal_cortex.o
 .debug_line    0x000000000000660f      0x991 ./Drivers/STM32F1xx_HAL_Driver/Src/stm32f1xx_hal_gpio.o
 .debug_line    0x0000000000006fa0      0xd1e ./Drivers/STM32F1xx_HAL_Driver/Src/stm32f1xx_hal_rcc.o
 .debug_line    0x0000000000007cbe     0x326e ./Drivers/STM32F1xx_HAL_Driver/Src/stm32f1xx_hal_tim.o
 .debug_line    0x000000000000af2c     0x1806 ./Drivers/STM32F1xx_HAL_Driver/Src/stm32f1xx_hal_tim_ex.o

.debug_str      0x0000000000000000    0x878e5
 .debug_str     0x0000000000000000    0x825ef ./Core/Src/7seg-led.o
                                      0x829f5 (size before relaxing)
 .debug_str     0x00000000000825ef      0x5c7 ./Core/Src/input_processing.o
                                      0x82f82 (size before relaxing)
 .debug_str     0x0000000000082bb6       0xcf ./Core/Src/input_reading.o
                                      0x82a2a (size before relaxing)
 .debug_str     0x0000000000082c85      0x2ac ./Core/Src/main.o
                                      0x830eb (size before relaxing)
 .debug_str     0x0000000000082f31      0x2ba ./Core/Src/stm32f1xx_hal_msp.o
                                      0x7fe7d (size before relaxing)
 .debug_str     0x00000000000831eb       0xcd ./Core/Src/stm32f1xx_it.o
                                      0x7fbdf (size before relaxing)
 .debug_str     0x00000000000832b8     0x25b1 ./Core/Src/syscalls.o
                                       0x8e8d (size before relaxing)
 .debug_str     0x0000000000085869       0x6b ./Core/Src/sysmem.o
                                       0x6260 (size before relaxing)
 .debug_str     0x00000000000858d4       0x52 ./Core/Src/system_stm32f1xx.o
                                      0x7f509 (size before relaxing)
 .debug_str     0x0000000000085926      0x169 ./Core/Src/timer.o
                                      0x82f5e (size before relaxing)
 .debug_str     0x0000000000085a8f       0x36 ./Core/Startup/startup_stm32f103c6ux.o
                                         0x74 (size before relaxing)
 .debug_str     0x0000000000085ac5      0x2ff ./Drivers/STM32F1xx_HAL_Driver/Src/stm32f1xx_hal.o
                                      0x7fb60 (size before relaxing)
 .debug_str     0x0000000000085dc4      0x300 ./Drivers/STM32F1xx_HAL_Driver/Src/stm32f1xx_hal_cortex.o
                                      0x7fb68 (size before relaxing)
 .debug_str     0x00000000000860c4      0x316 ./Drivers/STM32F1xx_HAL_Driver/Src/stm32f1xx_hal_gpio.o
                                      0x7f8cd (size before relaxing)
 .debug_str     0x00000000000863da      0x24f ./Drivers/STM32F1xx_HAL_Driver/Src/stm32f1xx_hal_rcc.o
                                      0x7f906 (size before relaxing)
 .debug_str     0x0000000000086629      0xdce ./Drivers/STM32F1xx_HAL_Driver/Src/stm32f1xx_hal_tim.o
                                      0x808d8 (size before relaxing)
 .debug_str     0x00000000000873f7      0x4ee ./Drivers/STM32F1xx_HAL_Driver/Src/stm32f1xx_hal_tim_ex.o
                                      0x80089 (size before relaxing)

.comment        0x0000000000000000       0x53
 .comment       0x0000000000000000       0x53 ./Core/Src/7seg-led.o
                                         0x54 (size before relaxing)
 .comment       0x0000000000000053       0x54 ./Core/Src/input_processing.o
 .comment       0x0000000000000053       0x54 ./Core/Src/input_reading.o
 .comment       0x0000000000000053       0x54 ./Core/Src/main.o
 .comment       0x0000000000000053       0x54 ./Core/Src/stm32f1xx_hal_msp.o
 .comment       0x0000000000000053       0x54 ./Core/Src/stm32f1xx_it.o
 .comment       0x0000000000000053       0x54 ./Core/Src/syscalls.o
 .comment       0x0000000000000053       0x54 ./Core/Src/sysmem.o
 .comment       0x0000000000000053       0x54 ./Core/Src/system_stm32f1xx.o
 .comment       0x0000000000000053       0x54 ./Core/Src/timer.o
 .comment       0x0000000000000053       0x54 ./Drivers/STM32F1xx_HAL_Driver/Src/stm32f1xx_hal.o
 .comment       0x0000000000000053       0x54 ./Drivers/STM32F1xx_HAL_Driver/Src/stm32f1xx_hal_cortex.o
 .comment       0x0000000000000053       0x54 ./Drivers/STM32F1xx_HAL_Driver/Src/stm32f1xx_hal_gpio.o
 .comment       0x0000000000000053       0x54 ./Drivers/STM32F1xx_HAL_Driver/Src/stm32f1xx_hal_rcc.o
 .comment       0x0000000000000053       0x54 ./Drivers/STM32F1xx_HAL_Driver/Src/stm32f1xx_hal_tim.o
 .comment       0x0000000000000053       0x54 ./Drivers/STM32F1xx_HAL_Driver/Src/stm32f1xx_hal_tim_ex.o

.debug_frame    0x0000000000000000     0x2dec
 .debug_frame   0x0000000000000000       0x5c ./Core/Src/7seg-led.o
 .debug_frame   0x000000000000005c       0xac ./Core/Src/input_processing.o
 .debug_frame   0x0000000000000108       0x84 ./Core/Src/input_reading.o
 .debug_frame   0x000000000000018c       0xb0 ./Core/Src/main.o
 .debug_frame   0x000000000000023c       0x80 ./Core/Src/stm32f1xx_hal_msp.o
 .debug_frame   0x00000000000002bc      0x120 ./Core/Src/stm32f1xx_it.o
 .debug_frame   0x00000000000003dc      0x2ac ./Core/Src/syscalls.o
 .debug_frame   0x0000000000000688       0x34 ./Core/Src/sysmem.o
 .debug_frame   0x00000000000006bc       0x58 ./Core/Src/system_stm32f1xx.o
 .debug_frame   0x0000000000000714      0x1c8 ./Core/Src/timer.o
 .debug_frame   0x00000000000008dc      0x334 ./Drivers/STM32F1xx_HAL_Driver/Src/stm32f1xx_hal.o
 .debug_frame   0x0000000000000c10      0x428 ./Drivers/STM32F1xx_HAL_Driver/Src/stm32f1xx_hal_cortex.o
 .debug_frame   0x0000000000001038      0x14c ./Drivers/STM32F1xx_HAL_Driver/Src/stm32f1xx_hal_gpio.o
 .debug_frame   0x0000000000001184      0x21c ./Drivers/STM32F1xx_HAL_Driver/Src/stm32f1xx_hal_rcc.o
 .debug_frame   0x00000000000013a0     0x11b8 ./Drivers/STM32F1xx_HAL_Driver/Src/stm32f1xx_hal_tim.o
 .debug_frame   0x0000000000002558      0x638 ./Drivers/STM32F1xx_HAL_Driver/Src/stm32f1xx_hal_tim_ex.o
 .debug_frame   0x0000000000002b90       0x20 c:/st/stm32cubeide_1.7.0/stm32cubeide/plugins/com.st.stm32cube.ide.mcu.externaltools.gnu-tools-for-stm32.9-2020-q2-update.win32_2.0.0.202105311346/tools/bin/../lib/gcc/arm-none-eabi/9.3.1/../../../../arm-none-eabi/lib/thumb/v7-m/nofp\libc_nano.a(lib_a-errno.o)
 .debug_frame   0x0000000000002bb0       0x28 c:/st/stm32cubeide_1.7.0/stm32cubeide/plugins/com.st.stm32cube.ide.mcu.externaltools.gnu-tools-for-stm32.9-2020-q2-update.win32_2.0.0.202105311346/tools/bin/../lib/gcc/arm-none-eabi/9.3.1/../../../../arm-none-eabi/lib/thumb/v7-m/nofp\libc_nano.a(lib_a-exit.o)
 .debug_frame   0x0000000000002bd8       0x2c c:/st/stm32cubeide_1.7.0/stm32cubeide/plugins/com.st.stm32cube.ide.mcu.externaltools.gnu-tools-for-stm32.9-2020-q2-update.win32_2.0.0.202105311346/tools/bin/../lib/gcc/arm-none-eabi/9.3.1/../../../../arm-none-eabi/lib/thumb/v7-m/nofp\libc_nano.a(lib_a-init.o)
 .debug_frame   0x0000000000002c04       0x30 c:/st/stm32cubeide_1.7.0/stm32cubeide/plugins/com.st.stm32cube.ide.mcu.externaltools.gnu-tools-for-stm32.9-2020-q2-update.win32_2.0.0.202105311346/tools/bin/../lib/gcc/arm-none-eabi/9.3.1/../../../../arm-none-eabi/lib/thumb/v7-m/nofp\libc_nano.a(lib_a-malloc.o)
 .debug_frame   0x0000000000002c34       0x20 c:/st/stm32cubeide_1.7.0/stm32cubeide/plugins/com.st.stm32cube.ide.mcu.externaltools.gnu-tools-for-stm32.9-2020-q2-update.win32_2.0.0.202105311346/tools/bin/../lib/gcc/arm-none-eabi/9.3.1/../../../../arm-none-eabi/lib/thumb/v7-m/nofp\libc_nano.a(lib_a-memset.o)
 .debug_frame   0x0000000000002c54       0x30 c:/st/stm32cubeide_1.7.0/stm32cubeide/plugins/com.st.stm32cube.ide.mcu.externaltools.gnu-tools-for-stm32.9-2020-q2-update.win32_2.0.0.202105311346/tools/bin/../lib/gcc/arm-none-eabi/9.3.1/../../../../arm-none-eabi/lib/thumb/v7-m/nofp\libc_nano.a(lib_a-nano-mallocr.o)
 .debug_frame   0x0000000000002c84       0x2c c:/st/stm32cubeide_1.7.0/stm32cubeide/plugins/com.st.stm32cube.ide.mcu.externaltools.gnu-tools-for-stm32.9-2020-q2-update.win32_2.0.0.202105311346/tools/bin/../lib/gcc/arm-none-eabi/9.3.1/../../../../arm-none-eabi/lib/thumb/v7-m/nofp\libc_nano.a(lib_a-sbrkr.o)
 .debug_frame   0x0000000000002cb0       0x30 c:/st/stm32cubeide_1.7.0/stm32cubeide/plugins/com.st.stm32cube.ide.mcu.externaltools.gnu-tools-for-stm32.9-2020-q2-update.win32_2.0.0.202105311346/tools/bin/../lib/gcc/arm-none-eabi/9.3.1/../../../../arm-none-eabi/lib/thumb/v7-m/nofp\libc_nano.a(lib_a-mlock.o)
 .debug_frame   0x0000000000002ce0       0x5c c:/st/stm32cubeide_1.7.0/stm32cubeide/plugins/com.st.stm32cube.ide.mcu.externaltools.gnu-tools-for-stm32.9-2020-q2-update.win32_2.0.0.202105311346/tools/bin/../lib/gcc/arm-none-eabi/9.3.1/../../../../arm-none-eabi/lib/thumb/v7-m/nofp\libc_nano.a(lib_a-reent.o)
 .debug_frame   0x0000000000002d3c       0xb0 c:/st/stm32cubeide_1.7.0/stm32cubeide/plugins/com.st.stm32cube.ide.mcu.externaltools.gnu-tools-for-stm32.9-2020-q2-update.win32_2.0.0.202105311346/tools/bin/../lib/gcc/arm-none-eabi/9.3.1/../../../../arm-none-eabi/lib/thumb/v7-m/nofp\libc_nano.a(lib_a-lock.o)
